// Jest Snapshot v1, https://goo.gl/fbAQLP

exports[`Translate.vue renders properly 1`] = `
<v-container-stub tag="div" fluid="true">
  <v-row-stub tag="div" align="start" justify="center">
    <v-card-stub loaderheight="4" tag="div" width="80%" tile="true" flat="true">
      <v-slider-stub errorcount="1" errormessages="" messages="" rules="" successmessages="" value="5" backgroundcolor="" label="Weirdness factor" loaderheight="2" max="10" min="1" step="1" thumbcolor="red" thumblabel="always" thumbsize="32" ticklabels="" ticks="always" ticksize="2" trackcolor="black" trackfillcolor="red darken-3" style="margin-top: 30px;"></v-slider-stub>
      <v-form-stub>
        <v-text-field-stub color="black" errorcount="1" errormessages="" messages="" rules="" successmessages="" value="" backgroundcolor="" prependicon="M9.5,3A6.5,6.5 0 0,1 16,9.5C16,11.11 15.41,12.59 14.44,13.73L14.71,14H15.5L20.5,19L19,20.5L14,15.5V14.71L13.73,14.44C12.59,15.41 11.11,16 9.5,16A6.5,6.5 0 0,1 3,9.5A6.5,6.5 0 0,1 9.5,3M9.5,5C7,5 5,7 5,9.5C5,12 7,14 9.5,14C12,14 14,12 14,9.5C14,7 12,5 9.5,5Z" loaderheight="2" clearable="true" clearicon="$clear" counter="true" placeholder="Enter a search phrase" prependinnericon="M12,17.5C14.33,17.5 16.3,16.04 17.11,14H6.89C7.69,16.04 9.67,17.5 12,17.5M8.5,11A1.5,1.5 0 0,0 10,9.5A1.5,1.5 0 0,0 8.5,8A1.5,1.5 0 0,0 7,9.5A1.5,1.5 0 0,0 8.5,11M15.5,11A1.5,1.5 0 0,0 17,9.5A1.5,1.5 0 0,0 15.5,8A1.5,1.5 0 0,0 14,9.5A1.5,1.5 0 0,0 15.5,11M12,20A8,8 0 0,1 4,12A8,8 0 0,1 12,4A8,8 0 0,1 20,12A8,8 0 0,1 12,20M12,2C6.47,2 2,6.5 2,12A10,10 0 0,0 12,22A10,10 0 0,0 22,12A10,10 0 0,0 12,2Z" type="text" maxlength="25"></v-text-field-stub>
      </v-form-stub>
      <!---->
      <v-row-stub tag="div" align="start" justify="center">
        <!---->
      </v-row-stub>
      <!---->
    </v-card-stub>
  </v-row-stub>
</v-container-stub>
`;
