// Jest Snapshot v1, https://goo.gl/fbAQLP

exports[`Favourites renders properly 1`] = `
<div style="height: 100%;">
  <!---->
  <!---->
  <!---->
</div>
`;
