// Jest Snapshot v1, https://goo.gl/fbAQLP

exports[`Snackbar.vue renders properly 1`] = `
<v-snackbar-stub
  color="info"
  timeout="3000"
  top="true"
>
  <!---->
  
  Whoops something went wrong
  
  <!---->
</v-snackbar-stub>
`;
